[debug] [2026-08-02T12:01:41.698Z] ----------------------------------------------------------------------
[debug] [2026-08-02T12:01:41.705Z] Command:       C:\nvm4w\nodejs\node.exe C:\nvm4w\nodejs\node_modules\firebase-tools\lib\bin\firebase.js projects:list
[debug] [2026-08-02T12:01:41.706Z] CLI Version:   15.2.0
[debug] [2026-08-02T12:01:41.706Z] Platform:      win32
[debug] [2026-08-02T12:01:41.706Z] Node Version:  v25.2.1
[debug] [2026-08-02T12:01:41.707Z] Time:          Sun Aug 02 2026 17:31:41 GMT+0530 (India Standard Time)
[debug] [2026-08-02T12:01:41.708Z] ----------------------------------------------------------------------
[debug] 
[debug] [2026-08-02T12:01:41.717Z] >>> [apiv2][query] GET https://firebase-public.firebaseio.com/cli.json [none]
[debug] [2026-08-02T12:01:41.824Z] > command requires scopes: ["email","openid","https://www.googleapis.com/auth/cloudplatformprojects.readonly","https://www.googleapis.com/auth/firebase","https://www.googleapis.com/auth/cloud-platform"]
[debug] [2026-08-02T12:01:41.825Z] > authorizing via signed-in user (testdp495@gmail.com)
[debug] [2026-08-02T12:01:41.830Z] Checked if tokens are valid: false, expires at: 1783636240631
[debug] [2026-08-02T12:01:41.830Z] Checked if tokens are valid: false, expires at: 1783636240631
[debug] [2026-08-02T12:01:41.830Z] > refreshing access token with scopes: []
[debug] [2026-08-02T12:01:41.832Z] >>> [apiv2][query] POST https://www.googleapis.com/oauth2/v3/token [none]
[debug] [2026-08-02T12:01:41.833Z] >>> [apiv2][body] POST https://www.googleapis.com/oauth2/v3/token [omitted]
[debug] [2026-08-02T12:01:42.435Z] <<< [apiv2][status] POST https://www.googleapis.com/oauth2/v3/token 200
[debug] [2026-08-02T12:01:42.436Z] <<< [apiv2][body] POST https://www.googleapis.com/oauth2/v3/token [omitted]
[debug] [2026-08-02T12:01:42.478Z] >>> [apiv2][query] GET https://firebase.googleapis.com/v1beta1/projects pageSize=1000
[debug] [2026-08-02T12:01:42.782Z] <<< [apiv2][status] GET https://firebase-public.firebaseio.com/cli.json 200
[debug] [2026-08-02T12:01:42.783Z] <<< [apiv2][body] GET https://firebase-public.firebaseio.com/cli.json {"cloudBuildErrorAfter":1594252800000,"cloudBuildWarnAfter":1590019200000,"defaultNode10After":1594252800000,"minVersion":"3.0.5","node8DeploysDisabledAfter":1613390400000,"node8RuntimeDisabledAfter":1615809600000,"node8WarnAfter":1600128000000}
[debug] [2026-08-02T12:01:43.777Z] <<< [apiv2][status] GET https://firebase.googleapis.com/v1beta1/projects 200
